
> credzy@0.0.0 build
> vite build

[36mvite v7.3.1 [32mbuilding client environment for production...[36m[39m
transforming...
[32mΓ£ô[39m 32 modules transformed.
node.exe : [31mΓ£ù[39m 
Build failed in 221ms
At line:1 char:1
+ & "C:\Program 
Files\nodejs/node.exe" 
"C:\Program 
Files\nodejs/node_mo ...
+ ~~~~~~~~~~~~~~~~~~~~~~~~~
~~~~~~~~~~~~~~~~~~~~~~~~~~~
~~~~~~~~~~~~~~~~~
    + CategoryInfo         
     : NotSpecified: ([3  
  1mΓ£ù[39m Build faile   
 d in 221ms:String) [],    
 RemoteException
    + FullyQualifiedErrorI 
   d : NativeCommandError
 
[31merror during build:
[31m[vite:esbuild] 
Transform failed with 1 
error:
C:/Users/sugho/Downloads/Am
d slingshot/src/pages/Candi
dateReviewPage.jsx:327:0: 
ERROR: Unexpected end of 
file before a closing 
"div" tag[31m
file: [36mC:/Users/sugho/D
ownloads/Amd slingshot/src/
pages/CandidateReviewPage.j
sx:327:0[31m
[33m
[33mUnexpected end of 
file before a closing 
"div" tag[33m
325 |              );
326 |  }
327 |  
    |  ^
[31m
    at failureErrorWithLog 
(C:\Users\sugho\Downloads\A
md slingshot\node_modules\e
sbuild\lib\main.js:1467:15)
    at C:\Users\sugho\Downl
oads\Amd slingshot\node_mod
ules\esbuild\lib\main.js:73
6:50
    at responseCallbacks.<c
omputed> (C:\Users\sugho\Do
wnloads\Amd slingshot\node_
modules\esbuild\lib\main.js
:603:9)
    at 
handleIncomingPacket (C:\Us
ers\sugho\Downloads\Amd sli
ngshot\node_modules\esbuild
\lib\main.js:658:12)
    at 
Socket.readFromStdout (C:\U
sers\sugho\Downloads\Amd sl
ingshot\node_modules\esbuil
d\lib\main.js:581:7)
    at Socket.emit 
(node:events:508:28)
    at addChunk (node:inter
nal/streams/readable:559:12
)
    at readableAddChunkPush
ByteMode (node:internal/str
eams/readable:510:3)
    at Readable.push (node:
internal/streams/readable:3
90:5)
    at Pipe.onStreamRead (n
ode:internal/stream_base_co
mmons:189:23)[39m
